<stdin>:1:1-4: keyword: 'let'
<stdin>:2:1-7: keyword: 'static'
<stdin>:3:1-4: keyword: 'mut'
<stdin>:4:1-5: keyword: 'true'
<stdin>:5:1-6: keyword: 'false'
<stdin>:6:1-5: keyword: 'self'
<stdin>:7:1-3: keyword: 'as'
<stdin>:8:1-4: keyword: 'and'
<stdin>:9:1-3: keyword: 'or'
<stdin>:10:1-4: keyword: 'not'
<stdin>:11:1-3: keyword: 'if'
<stdin>:12:1-5: keyword: 'else'
<stdin>:13:1-6: keyword: 'while'
<stdin>:14:1-5: keyword: 'loop'
<stdin>:15:1-4: keyword: 'for'
<stdin>:16:1-6: keyword: 'match'
<stdin>:17:1-6: keyword: 'break'
<stdin>:18:1-9: keyword: 'continue'
<stdin>:19:1-7: keyword: 'return'
<stdin>:20:1-5: keyword: 'type'
<stdin>:21:1-5: keyword: 'enum'
<stdin>:22:1-7: keyword: 'module'
<stdin>:23:1-7: keyword: 'import'
<stdin>:24:1-4: keyword: 'use'
<stdin>:25:1-8: keyword: 'foreign'
<stdin>:26:1-7: keyword: 'unsafe'
<stdin>:27:1-7: keyword: 'global'
<stdin>:28:1-2: end
