<punctuator> '->'
<punctuator> '+'
<punctuator> '-'
<punctuator> '*'
<punctuator> '/'
<punctuator> '%'
<punctuator> '^'
<punctuator> '&'
<punctuator> '('
<punctuator> ')'
<punctuator> '['
<punctuator> ']'
<punctuator> '{'
<punctuator> '}'
<punctuator> ';'
<punctuator> ':'
<punctuator> ','
<punctuator> '.'
<punctuator> '<'
<punctuator> '>'
<punctuator> '<='
<punctuator> '>='
<punctuator> '=='
<punctuator> '<>'
<punctuator> '='
<punctuator> '+='
<punctuator> '-='
<punctuator> '*='
<punctuator> '/='
<punctuator> '%='
<punctuator> '->'
<punctuator> '+'
<punctuator> '-'
<punctuator> '*'
<punctuator> '/'
<punctuator> '%'
<punctuator> '^'
<punctuator> '&'
<punctuator> '('
<punctuator> ')'
<punctuator> '['
<punctuator> ']'
<punctuator> '{'
<punctuator> '}'
<punctuator> ';'
<punctuator> ':'
<punctuator> ','
<punctuator> '.'
<punctuator> '>'
<punctuator> '<'
<punctuator> '<='
<punctuator> '>='
<punctuator> '=='
<punctuator> '<>'
<punctuator> '='
<punctuator> '+='
<punctuator> '-='
<punctuator> '*='
<punctuator> '/='
<punctuator> '%='
<end>
