ModuleDecl <?> _
  Nodes <?> 
    NumericPromoteExpr <?>
      IntegerExpr <?> 'int' 4 (10)
    NumericPromoteExpr <?>
      NumericPromoteExpr <?>
        NumericPromoteExpr <?>
          NumericPromoteExpr <?>
            NumericPromoteExpr <?>
              NumericPromoteExpr <?>
                NumericPromoteExpr <?>
                  NumericPromoteExpr <?>
                    NumericPromoteExpr <?>
                      NumericPromoteExpr <?>
                        IntegerExpr <?> 'int' 32 (10)
    NumericPromoteExpr <?>
      AddExpr <?>
        IntegerExpr <?> 'int' 35 (10)
        IntegerExpr <?> 'int' 32 (10)
    NumericNegateExpr <?>
      NumericNegateExpr <?>
        IntegerExpr <?> 'int' 235 (10)
    NumericPromoteExpr <?>
      NumericNegateExpr <?>
        NumericPromoteExpr <?>
          NumericNegateExpr <?>
            NumericPromoteExpr <?>
              NumericPromoteExpr <?>
                NumericNegateExpr <?>
                  NumericNegateExpr <?>
                    IntegerExpr <?> 'int' 32 (10)
    NumericNegateExpr <?>
      AddExpr <?>
        IntegerExpr <?> 'int' 32 (10)
        IntegerExpr <?> 'int' 10 (10)
    AddExpr <?>
      IntegerExpr <?> 'int' 4 (10)
      IntegerExpr <?> 'int' 320 (10)
    AddExpr <?>
      AddExpr <?>
        AddExpr <?>
          IntegerExpr <?> 'int' 52 (10)
          IntegerExpr <?> 'int' 434 (10)
        IntegerExpr <?> 'int' 25 (10)
      AddExpr <?>
        IntegerExpr <?> 'int' 523 (10)
        IntegerExpr <?> 'int' 30 (10)
    AddExpr <?>
      NumericPromoteExpr <?>
        NumericPromoteExpr <?>
          NumericPromoteExpr <?>
            NumericNegateExpr <?>
              IntegerExpr <?> 'int' 53 (10)
      NumericNegateExpr <?>
        IntegerExpr <?> 'int' 235 (10)
    SubtractExpr <?>
      IntegerExpr <?> 'int' 43 (10)
      IntegerExpr <?> 'int' 43 (10)
    AddExpr <?>
      SubtractExpr <?>
        IntegerExpr <?> 'int' 63 (10)
        IntegerExpr <?> 'int' 36 (10)
      IntegerExpr <?> 'int' 325 (10)
    SubtractExpr <?>
      IntegerExpr <?> 'int' 63 (10)
      AddExpr <?>
        IntegerExpr <?> 'int' 36 (10)
        IntegerExpr <?> 'int' 430 (10)
    SubtractExpr <?>
      NumericPromoteExpr <?>
        NumericPromoteExpr <?>
          IntegerExpr <?> 'int' 63 (10)
      AddExpr <?>
        NumericNegateExpr <?>
          IntegerExpr <?> 'int' 36 (10)
        IntegerExpr <?> 'int' 430 (10)
    MultiplyExpr <?>
      IntegerExpr <?> 'int' 43 (10)
      IntegerExpr <?> 'int' 43 (10)
    MultiplyExpr <?>
      MultiplyExpr <?>
        MultiplyExpr <?>
          IntegerExpr <?> 'int' 63 (10)
          IntegerExpr <?> 'int' 36 (10)
        IntegerExpr <?> 'int' 63 (10)
      AddExpr <?>
        IntegerExpr <?> 'int' 36 (10)
        IntegerExpr <?> 'int' 430 (10)
    AddExpr <?>
      IntegerExpr <?> 'int' 32 (10)
      MultiplyExpr <?>
        IntegerExpr <?> 'int' 30 (10)
        IntegerExpr <?> 'int' 10 (10)
    MultiplyExpr <?>
      NumericNegateExpr <?>
        NumericNegateExpr <?>
          IntegerExpr <?> 'int' 63 (10)
      NumericNegateExpr <?>
        IntegerExpr <?> 'int' 36 (10)
    MultiplyExpr <?>
      NumericPromoteExpr <?>
        NumericPromoteExpr <?>
          IntegerExpr <?> 'int' 63 (10)
      AddExpr <?>
        NumericNegateExpr <?>
          IntegerExpr <?> 'int' 36 (10)
        IntegerExpr <?> 'int' 430 (10)
    DivideExpr <?>
      IntegerExpr <?> 'int' 43 (10)
      IntegerExpr <?> 'int' 43 (10)
    DivideExpr <?>
      MultiplyExpr <?>
        DivideExpr <?>
          IntegerExpr <?> 'int' 63 (10)
          IntegerExpr <?> 'int' 36 (10)
        IntegerExpr <?> 'int' 63 (10)
      AddExpr <?>
        IntegerExpr <?> 'int' 36 (10)
        IntegerExpr <?> 'int' 430 (10)
    AddExpr <?>
      IntegerExpr <?> 'int' 32 (10)
      DivideExpr <?>
        IntegerExpr <?> 'int' 30 (10)
        IntegerExpr <?> 'int' 10 (10)
    DivideExpr <?>
      NumericPromoteExpr <?>
        NumericPromoteExpr <?>
          IntegerExpr <?> 'int' 63 (10)
      AddExpr <?>
        NumericNegateExpr <?>
          IntegerExpr <?> 'int' 36 (10)
        IntegerExpr <?> 'int' 430 (10)
    ModuloExpr <?>
      IntegerExpr <?> 'int' 43 (10)
      IntegerExpr <?> 'int' 43 (10)
    ModuloExpr <?>
      DivideExpr <?>
        ModuloExpr <?>
          IntegerExpr <?> 'int' 63 (10)
          IntegerExpr <?> 'int' 36 (10)
        IntegerExpr <?> 'int' 63 (10)
      AddExpr <?>
        IntegerExpr <?> 'int' 36 (10)
        IntegerExpr <?> 'int' 430 (10)
    ModuloExpr <?>
      NumericPromoteExpr <?>
        NumericPromoteExpr <?>
          IntegerExpr <?> 'int' 63 (10)
      AddExpr <?>
        NumericNegateExpr <?>
          IntegerExpr <?> 'int' 36 (10)
        IntegerExpr <?> 'int' 430 (10)
    AddExpr <?>
      IntegerExpr <?> 'int' 32 (10)
      ModuloExpr <?>
        IntegerExpr <?> 'int' 30 (10)
        IntegerExpr <?> 'int' 10 (10)
