ModuleDecl <?> _
  Nodes <?> 
    ArrayExpr <?>
      Elements <?> 
    ArrayExpr <?>
      Elements <?> 
        IntegerExpr <?> 1 (10)
        IntegerExpr <?> 2 (10)
        IntegerExpr <?> 3 (10)
        FloatExpr <?> 4923.312
    ArrayExpr <?>
      Elements <?> 
        IntegerExpr <?> 1 (10)
        IntegerExpr <?> 2 (10)
        IntegerExpr <?> 3 (10)
    ArrayExpr <?>
      Elements <?> 
        BooleanExpr <?> false
        BooleanExpr <?> true
