ModuleDecl <?> _
  Nodes <?> 
    BooleanExpr <?> true
    BooleanExpr <?> false
