ModuleDecl <?> _
  Nodes <?> 
    FuncDecl <?> name
      Parameters <?> 
      Nodes <?> 
    CallExpr <?>
      Ident <?> name
      Arguments <?> 
    FuncDecl <?> sum
      Parameters <?> 
        FuncParam <?> x 'int'
        FuncParam <?> y 'int'
        FuncParam <?> y 'int'
      Nodes <?> 
    CallExpr <?>
      Ident <?> sum
      Arguments <?> 
        Argument <?>
          IntegerExpr <?> 'int' 53 (10)
        Argument <?>
          IntegerExpr <?> 'int' 3 (10)
        Argument <?>
          IntegerExpr <?> 'int' 23 (10)
    FuncDecl <?> defualt_sum1
      Parameters <?> 
        FuncParam <?> x 'int'
          IntegerExpr <?> 'int' 0 (10)
        FuncParam <?> y 'int'
      Nodes <?> 
    FuncDecl <?> defualt_sum2
      Parameters <?> 
        FuncParam <?> x 'int'
        FuncParam <?> y 'int'
          IntegerExpr <?> 'int' 0 (10)
      Nodes <?> 
    FuncDecl <?> defualt_sum3
      Parameters <?> 
        FuncParam <?> x 'int'
          IntegerExpr <?> 'int' 0 (10)
        FuncParam <?> y 'int'
          IntegerExpr <?> 'int' 0 (10)
      Nodes <?> 
    CallExpr <?>
      Ident <?> defualt_sum1
      Arguments <?> 
        Argument <?> y
          IntegerExpr <?> 'int' 320 (10)
    CallExpr <?>
      Ident <?> defualt_sum2
      Arguments <?> 
        Argument <?>
          IntegerExpr <?> 'int' 320 (10)
    CallExpr <?>
      Ident <?> defualt_sum2
      Arguments <?> 
        Argument <?> x
          IntegerExpr <?> 'int' 320 (10)
    CallExpr <?>
      Ident <?> defualt_sum3
      Arguments <?> 
        Argument <?> y
          IntegerExpr <?> 'int' 320 (10)
        Argument <?> x
          IntegerExpr <?> 'int' 32 (10)
    FuncDecl <?> read 'int'
      Parameters <?> 
      Nodes <?> 
    FuncDecl <?> some 'bool'
      Parameters <?> 
      Nodes <?> 
        StaticSlotDecl <?> y 'int'
          IntegerExpr <?> 'int' 32 (10)
        LocalSlotDecl <?> x 'int'
          IntegerExpr <?> 'int' 43 (10)
        LocalSlotDecl <?> y 'int'
        AssignExpr <?>
          Ident <?> y
          IntegerExpr <?> 'int' 436 (10)
        BooleanExpr <?> true
    FuncDecl <?> main
      Parameters <?> 
      Nodes <?> 
        FuncDecl <?> nested 'int'
          Parameters <?> 
          Nodes <?> 
            IntegerExpr <?> 'int' 432 (10)
