ModuleDecl <?> _
  Nodes <?> 
    SlotDecl <?> a
      ArrayType <?>
        IntegerExpr <?> 20 (10)
        Ident <?> int
    IndexExpr <?>
      Ident <?> a
      IntegerExpr <?> 2 (10)
    AssignExpr <?>
      IndexExpr <?>
        Ident <?> a
        IntegerExpr <?> 5 (10)
      IntegerExpr <?> 3420 (10)
    SlotDecl <?> b
      ArrayType <?>
        IntegerExpr <?> 10 (10)
        TupleType <?>
          Elements <?> 
            TupleTypeMem <?>
              Ident <?> int
            TupleTypeMem <?>
              Ident <?> bool
    IndexExpr <?>
      IndexExpr <?>
        Ident <?> d
        IntegerExpr <?> 4 (10)
      IntegerExpr <?> 41 (10)
    IndexExpr <?>
      IndexExpr <?>
        Ident <?> d
        IndexExpr <?>
          Ident <?> a
          IntegerExpr <?> 1 (10)
      IndexExpr <?>
        Ident <?> a
        IntegerExpr <?> 2 (10)
    Struct <?> Thing
      Type Parameters <?> 
      Members <?> 
    SlotDecl <?> t
      ArrayType <?>
        MultiplyExpr <?>
          IntegerExpr <?> 5 (10)
          IntegerExpr <?> 2 (10)
        Ident <?> Thing
    Struct <?> Blob
      Type Parameters <?> 
      Members <?> 
        StructMem <?> m
          ArrayType <?>
            IntegerExpr <?> 5 (10)
            ArrayType <?>
              IntegerExpr <?> 5 (10)
              Ident <?> uint
    SlotDecl <?> b
      ArrayType <?>
        IntegerExpr <?> 12 (10)
        Ident <?> Blob
