ModuleDecl <?> _
  Nodes <?> 
    IntegerExpr <?> 235627 (10)
    IntegerExpr <?> 32 (10)
    IntegerExpr <?> 4930782690 (10)
    IntegerExpr <?> 1000000 (10)
    IntegerExpr <?> 10100101010101 (2)
    IntegerExpr <?> 0011101 (2)
    IntegerExpr <?> 01101001 (2)
    IntegerExpr <?> 755 (8)
    IntegerExpr <?> 755 (8)
    IntegerExpr <?> 644 (8)
    IntegerExpr <?> 777 (8)
    IntegerExpr <?> aaaabbbbccccdddd (16)
    IntegerExpr <?> DeadBeef (16)
    IntegerExpr <?> ABCDEF (16)
    IntegerExpr <?> ff (16)
    IntegerExpr <?> 0b (16)
    IntegerExpr <?> 0A (16)
