ModuleDecl <?> _
  Nodes <?> 
    LogicalAndExpr <?>
      BooleanExpr <?> true
      BooleanExpr <?> false
    LogicalOrExpr <?>
      BooleanExpr <?> false
      BooleanExpr <?> false
    LogicalOrExpr <?>
      LogicalNegateExpr <?>
        BooleanExpr <?> true
      BooleanExpr <?> false
    LogicalAndExpr <?>
      LogicalOrExpr <?>
        LogicalAndExpr <?>
          BooleanExpr <?> false
          BooleanExpr <?> true
        BooleanExpr <?> false
      BooleanExpr <?> true
    LogicalOrExpr <?>
      LogicalOrExpr <?>
        LogicalNegateExpr <?>
          BooleanExpr <?> false
        LogicalNegateExpr <?>
          BooleanExpr <?> false
      LogicalNegateExpr <?>
        BooleanExpr <?> true
