ModuleDecl <?> _
  Nodes <?> 
    ModuleDecl <?> math
      Nodes <?> 
        Struct <?> Point
          Type Parameters <?> 
          Members <?> 
            StructMem <?> x
              Ident <?> int
            StructMem <?> y
              Ident <?> int
        SlotDecl <?> a
          Ident <?> int
          IntegerExpr <?> 23 (10)
        SlotDecl <?> b
          Ident <?> float64
          FloatExpr <?> 42.2
        SlotDecl <?> mut o
          Ident <?> Point
        FuncDecl <?> pow
          Ident <?> float64
          Type Parameters <?> 
          Parameters <?> 
            FuncParam <?> a
              Ident <?> float64
            Mutable FuncParam <?> mut i
              Ident <?> uint
          Block <?>
            Nodes <?> 
    FuncDecl <?> main
      Type Parameters <?> 
      Parameters <?> 
      Block <?>
        Nodes <?> 
          SlotDecl <?> o
            MemberExpr <?>
              Ident <?> math
              Ident <?> Point
          SlotDecl <?> result
            Ident <?> float64
            CallExpr <?>
              MemberExpr <?>
                Ident <?> math
                Ident <?> pow
              Arguments <?> 
                Argument <?>
                  MemberExpr <?>
                    Ident <?> math
                    Ident <?> b
                Argument <?>
                  IntegerExpr <?> 2 (10)
