ModuleDecl <?> _
  Nodes <?> 
    Struct <?> Point
      Type Parameters <?> 
      Members <?> 
        StructMem <?> x
          Ident <?> int
        StructMem <?> y
          Ident <?> int
    LocalSlotDecl <?> mut origin
      Ident <?> Point
    AssignExpr <?>
      MemberExpr <?>
        Ident <?> origin
        Ident <?> x
      IntegerExpr <?> 3 (10)
    AssignExpr <?>
      MemberExpr <?>
        Ident <?> origin
        Ident <?> x
      IntegerExpr <?> 10 (10)
    AssignExpr <?>
      MemberExpr <?>
        Ident <?> origin
        Ident <?> x
      IntegerExpr <?> 21 (10)
    MemberExpr <?>
      MemberExpr <?>
        MemberExpr <?>
          Ident <?> std
          Ident <?> io
        Ident <?> stdio
      Ident <?> stdout
    MemberExpr <?>
      MemberExpr <?>
        MemberExpr <?>
          Ident <?> std
          Ident <?> io
        Ident <?> stdio
      Ident <?> stdout
