ModuleDecl <?> _
  Nodes <?> 
    TupleExpr <?>
      Elements <?> 
    TupleExpr <?>
      Elements <?> 
        TupleExprMem <?>
          IntegerExpr <?> 231 (10)
    TupleExpr <?>
      Elements <?> 
        TupleExprMem <?>
          IntegerExpr <?> 231 (10)
        TupleExprMem <?>
          FloatExpr <?> 21.21
    TupleExpr <?>
      Elements <?> 
        TupleExprMem <?>
          IntegerExpr <?> 32 (10)
        TupleExprMem <?>
          BooleanExpr <?> false
    TupleExpr <?>
      Elements <?> 
        TupleExprMem <?>
          IntegerExpr <?> 32 (10)
        TupleExprMem <?>
          IntegerExpr <?> 42 (10)
        TupleExprMem <?>
          IntegerExpr <?> 42 (10)
        TupleExprMem <?>
          FloatExpr <?> 3232e-1
    SlotDecl <?> a
      TupleType <?>
        Elements <?> 
          TupleTypeMem <?>
            Ident <?> int
          TupleTypeMem <?>
            Ident <?> bool
    SlotDecl <?> b
      TupleType <?>
        Elements <?> 
          TupleTypeMem <?>
            Ident <?> int
          TupleTypeMem <?>
            Ident <?> int
    SlotDecl <?> c
      TupleType <?>
        Elements <?> 
          TupleTypeMem <?>
            Ident <?> int
          TupleTypeMem <?>
            Ident <?> str
          TupleTypeMem <?>
            Ident <?> float64
    SlotDecl <?> d
      TupleType <?>
        Elements <?> 
          TupleTypeMem <?>
            Ident <?> uint
    SlotDecl <?> e
      TupleType <?>
        Elements <?> 
          TupleTypeMem <?> a
            Ident <?> int
          TupleTypeMem <?> b
            Ident <?> str
          TupleTypeMem <?> c
            Ident <?> float64
    SlotDecl <?> f
      TupleType <?>
        Elements <?> 
          TupleTypeMem <?> a
            Ident <?> int
          TupleTypeMem <?> b
            Ident <?> uint
    SlotDecl <?> g
      TupleType <?>
        Elements <?> 
          TupleTypeMem <?> a
            Ident <?> bool
    SlotDecl <?> h
      TupleType <?>
        Elements <?> 
          TupleTypeMem <?> a
            Ident <?> bool
          TupleTypeMem <?>
            Ident <?> int
    SlotDecl <?> i
      TupleType <?>
        Elements <?> 
          TupleTypeMem <?>
            Ident <?> int
          TupleTypeMem <?> a
            Ident <?> bool
    AssignExpr <?>
      Ident <?> a
      TupleExpr <?>
        Elements <?> 
          TupleExprMem <?>
            IntegerExpr <?> 3214 (10)
          TupleExprMem <?>
            BooleanExpr <?> false
    AssignExpr <?>
      Ident <?> b
      TupleExpr <?>
        Elements <?> 
          TupleExprMem <?>
            IntegerExpr <?> 62 (10)
          TupleExprMem <?>
            IntegerExpr <?> 26 (10)
    AssignExpr <?>
      Ident <?> c
      TupleExpr <?>
        Elements <?> 
          TupleExprMem <?>
            IntegerExpr <?> 2351 (10)
          TupleExprMem <?>
            StringExpr <?> sdhs
          TupleExprMem <?>
            FloatExpr <?> 321.1672
    AssignExpr <?>
      Ident <?> d
      TupleExpr <?>
        Elements <?> 
          TupleExprMem <?>
            IntegerExpr <?> 2872 (10)
    AssignExpr <?>
      Ident <?> e
      TupleExpr <?>
        Elements <?> 
          TupleExprMem <?> a
            IntegerExpr <?> 26526 (10)
          TupleExprMem <?> b
            StringExpr <?> eysdgfh
          TupleExprMem <?> c
            FloatExpr <?> 236.213
    AssignExpr <?>
      Ident <?> e
      TupleExpr <?>
        Elements <?> 
          TupleExprMem <?> a
            Ident <?> a
          TupleExprMem <?> b
            Ident <?> b
          TupleExprMem <?> c
            FloatExpr <?> 21.21
    AssignExpr <?>
      Ident <?> f
      TupleExpr <?>
        Elements <?> 
          TupleExprMem <?> a
            IntegerExpr <?> 235 (10)
          TupleExprMem <?> b
            IntegerExpr <?> 235 (10)
    AssignExpr <?>
      Ident <?> g
      TupleExpr <?>
        Elements <?> 
          TupleExprMem <?> a
            BooleanExpr <?> false
    AssignExpr <?>
      Ident <?> g
      TupleExpr <?>
        Elements <?> 
          TupleExprMem <?> a
            Ident <?> a
    AssignExpr <?>
      Ident <?> h
      TupleExpr <?>
        Elements <?> 
          TupleExprMem <?> a
            BooleanExpr <?> false
          TupleExprMem <?>
            IntegerExpr <?> 51 (10)
    AssignExpr <?>
      Ident <?> h
      TupleExpr <?>
        Elements <?> 
          TupleExprMem <?> a
            Ident <?> a
          TupleExprMem <?>
            IntegerExpr <?> 51 (10)
    AssignExpr <?>
      Ident <?> i
      TupleExpr <?>
        Elements <?> 
          TupleExprMem <?>
            IntegerExpr <?> 734 (10)
          TupleExprMem <?> a
            BooleanExpr <?> true
    AssignExpr <?>
      Ident <?> i
      TupleExpr <?>
        Elements <?> 
          TupleExprMem <?>
            IntegerExpr <?> 231 (10)
          TupleExprMem <?> a
            Ident <?> a
