ModuleDecl <?> _
  Nodes <?> 
    Loop <?> 
      Ident <?> condition
      Block <?>
        Nodes <?> 
          CallExpr <?>
            Ident <?> do_stuff
            Arguments <?> 
          CallExpr <?>
            Ident <?> do_more_stuff
            Arguments <?> 
          Break <?> 
          Continue <?> 
