<identifier> 'abcd32'
<identifier> 'asfs'
<identifier> '__sfs'
<end>
