<keyword> 'def'
<keyword> 'let'
<keyword> 'static'
<keyword> 'mut'
<keyword> 'true'
<keyword> 'false'
<keyword> 'self'
<keyword> 'as'
<keyword> 'and'
<keyword> 'or'
<keyword> 'not'
<keyword> 'if'
<keyword> 'else'
<keyword> 'while'
<keyword> 'loop'
<keyword> 'for'
<keyword> 'match'
<keyword> 'break'
<keyword> 'continue'
<keyword> 'return'
<keyword> 'type'
<keyword> 'enum'
<keyword> 'module'
<keyword> 'import'
<keyword> 'use'
<keyword> 'foreign'
<keyword> 'unsafe'
<end>
