ModuleDecl <?> _
  Nodes <?> 
    NumericPromoteExpr <?>
      IntegerExpr <?> 4 (10)
    NumericPromoteExpr <?>
      NumericPromoteExpr <?>
        NumericPromoteExpr <?>
          NumericPromoteExpr <?>
            NumericPromoteExpr <?>
              NumericPromoteExpr <?>
                NumericPromoteExpr <?>
                  NumericPromoteExpr <?>
                    NumericPromoteExpr <?>
                      NumericPromoteExpr <?>
                        IntegerExpr <?> 32 (10)
    NumericPromoteExpr <?>
      AddExpr <?>
        IntegerExpr <?> 35 (10)
        IntegerExpr <?> 32 (10)
    NumericNegateExpr <?>
      NumericNegateExpr <?>
        IntegerExpr <?> 235 (10)
    NumericPromoteExpr <?>
      NumericNegateExpr <?>
        NumericPromoteExpr <?>
          NumericNegateExpr <?>
            NumericPromoteExpr <?>
              NumericPromoteExpr <?>
                NumericNegateExpr <?>
                  NumericNegateExpr <?>
                    IntegerExpr <?> 32 (10)
    NumericNegateExpr <?>
      AddExpr <?>
        IntegerExpr <?> 32 (10)
        IntegerExpr <?> 10 (10)
    AddExpr <?>
      IntegerExpr <?> 4 (10)
      IntegerExpr <?> 320 (10)
    AddExpr <?>
      AddExpr <?>
        AddExpr <?>
          IntegerExpr <?> 52 (10)
          IntegerExpr <?> 434 (10)
        IntegerExpr <?> 25 (10)
      AddExpr <?>
        IntegerExpr <?> 523 (10)
        IntegerExpr <?> 30 (10)
    AddExpr <?>
      NumericPromoteExpr <?>
        NumericPromoteExpr <?>
          NumericPromoteExpr <?>
            NumericNegateExpr <?>
              IntegerExpr <?> 53 (10)
      NumericNegateExpr <?>
        IntegerExpr <?> 235 (10)
    SubtractExpr <?>
      IntegerExpr <?> 43 (10)
      IntegerExpr <?> 43 (10)
    AddExpr <?>
      SubtractExpr <?>
        IntegerExpr <?> 63 (10)
        IntegerExpr <?> 36 (10)
      IntegerExpr <?> 325 (10)
    SubtractExpr <?>
      IntegerExpr <?> 63 (10)
      AddExpr <?>
        IntegerExpr <?> 36 (10)
        IntegerExpr <?> 430 (10)
    SubtractExpr <?>
      NumericPromoteExpr <?>
        NumericPromoteExpr <?>
          IntegerExpr <?> 63 (10)
      AddExpr <?>
        NumericNegateExpr <?>
          IntegerExpr <?> 36 (10)
        IntegerExpr <?> 430 (10)
    MultiplyExpr <?>
      IntegerExpr <?> 43 (10)
      IntegerExpr <?> 43 (10)
    MultiplyExpr <?>
      MultiplyExpr <?>
        MultiplyExpr <?>
          IntegerExpr <?> 63 (10)
          IntegerExpr <?> 36 (10)
        IntegerExpr <?> 63 (10)
      AddExpr <?>
        IntegerExpr <?> 36 (10)
        IntegerExpr <?> 430 (10)
    AddExpr <?>
      IntegerExpr <?> 32 (10)
      MultiplyExpr <?>
        IntegerExpr <?> 30 (10)
        IntegerExpr <?> 10 (10)
    MultiplyExpr <?>
      NumericNegateExpr <?>
        NumericNegateExpr <?>
          IntegerExpr <?> 63 (10)
      NumericNegateExpr <?>
        IntegerExpr <?> 36 (10)
    MultiplyExpr <?>
      NumericPromoteExpr <?>
        NumericPromoteExpr <?>
          IntegerExpr <?> 63 (10)
      AddExpr <?>
        NumericNegateExpr <?>
          IntegerExpr <?> 36 (10)
        IntegerExpr <?> 430 (10)
    DivideExpr <?>
      IntegerExpr <?> 43 (10)
      IntegerExpr <?> 43 (10)
    DivideExpr <?>
      MultiplyExpr <?>
        DivideExpr <?>
          IntegerExpr <?> 63 (10)
          IntegerExpr <?> 36 (10)
        IntegerExpr <?> 63 (10)
      AddExpr <?>
        IntegerExpr <?> 36 (10)
        IntegerExpr <?> 430 (10)
    AddExpr <?>
      IntegerExpr <?> 32 (10)
      DivideExpr <?>
        IntegerExpr <?> 30 (10)
        IntegerExpr <?> 10 (10)
    DivideExpr <?>
      NumericPromoteExpr <?>
        NumericPromoteExpr <?>
          IntegerExpr <?> 63 (10)
      AddExpr <?>
        NumericNegateExpr <?>
          IntegerExpr <?> 36 (10)
        IntegerExpr <?> 430 (10)
    ModuloExpr <?>
      IntegerExpr <?> 43 (10)
      IntegerExpr <?> 43 (10)
    ModuloExpr <?>
      DivideExpr <?>
        ModuloExpr <?>
          IntegerExpr <?> 63 (10)
          IntegerExpr <?> 36 (10)
        IntegerExpr <?> 63 (10)
      AddExpr <?>
        IntegerExpr <?> 36 (10)
        IntegerExpr <?> 430 (10)
    ModuloExpr <?>
      NumericPromoteExpr <?>
        NumericPromoteExpr <?>
          IntegerExpr <?> 63 (10)
      AddExpr <?>
        NumericNegateExpr <?>
          IntegerExpr <?> 36 (10)
        IntegerExpr <?> 430 (10)
    AddExpr <?>
      IntegerExpr <?> 32 (10)
      ModuloExpr <?>
        IntegerExpr <?> 30 (10)
        IntegerExpr <?> 10 (10)
