ModuleDecl <?> _
  Nodes <?> 
    IndexExpr <?>
      Ident <?> a
      IntegerExpr <?> 2 (10)
    AssignExpr <?>
      IndexExpr <?>
        Ident <?> a
        IntegerExpr <?> 5 (10)
      IntegerExpr <?> 3420 (10)
    IndexExpr <?>
      IndexExpr <?>
        Ident <?> d
        IntegerExpr <?> 4 (10)
      IntegerExpr <?> 41 (10)
    IndexExpr <?>
      IndexExpr <?>
        Ident <?> d
        IndexExpr <?>
          Ident <?> a
          IntegerExpr <?> 1 (10)
      IndexExpr <?>
        Ident <?> a
        IntegerExpr <?> 2 (10)
