ModuleDecl <?> _
  Nodes <?> 
    FuncDecl <?> f
      Ident <?> int
      Parameters <?> 
      Nodes <?> 
        Block <?>
          Nodes <?> 
            ReturnExpr <?> 
              IntegerExpr <?> 3 (10)
    Block <?>
      Nodes <?> 
        FuncDecl <?> main
          Parameters <?> 
          Nodes <?> 
    Block <?>
      Nodes <?> 
        Block <?>
          Nodes <?> 
            Block <?>
              Nodes <?> 
                SelectExpr <?> 
                  Branches <?> 
                    SelectBranch <?> 
                      BooleanExpr <?> false
                      Nodes <?> 
