ModuleDecl <?> _
  Nodes <?> 
    FloatExpr <?> 43.43626
    FloatExpr <?> 3246.3427237
    FloatExpr <?> 345.4327237
    FloatExpr <?> 3242e329
    FloatExpr <?> 23E2
    FloatExpr <?> 42.234E32
    FloatExpr <?> 324.3e32
