ModuleDecl <?> _
  Nodes <?> 
    Import <?> std
    Import <?> std.io
    Import <?> os
