ModuleDecl <?> _
  Nodes <?> 
    FuncDecl <?> that
      TypeExpr <?> 
        Ident <?> double
      Parameters <?> 
      Nodes <?> 
        Ident <?> double
    FuncDecl <?> double
      TypeExpr <?> 
        MultiplyExpr <?>
          Ident <?> x
          IntegerExpr <?> 2 (10)
      Parameters <?> 
        FuncParam <?> a
          TypeExpr <?> 
            Ident <?> x
      Nodes <?> 
        MultiplyExpr <?>
          Ident <?> a
          IntegerExpr <?> 2 (10)
    StaticSlotDecl <?> x
      Ident <?> uint
      IntegerExpr <?> 40 (10)
