ModuleDecl <?> _
  Nodes <?> 
    UnsafeBlock <?>
      Nodes <?> 
    StaticSlotDecl <?> mut data_race
      Ident <?> int
      IntegerExpr <?> 0 (10)
    UnsafeBlock <?>
      Nodes <?> 
        AssignAddExpr <?>
          Ident <?> data_race
          IntegerExpr <?> 21 (10)
