<decimal integer> '3242324'
<decimal integer> '3462778959793846834'
<decimal integer> '4352345'
<decimal integer> '324673289732978'
<binary integer> '01101011010'
<binary integer> '10101'
<hexadecimal integer> '0FABCDE'
<hexadecimal integer> '320942'
<octal integer> '1123214'
<octal integer> '755'
<end>
