<string> 'Hello World'
<string> 'Hi \x32 \n\?'
<string> 'SH'
<string> '''
<string> '\"'
<string> '\''
<string> '"'
<string> '''
<end>
