ModuleDecl <?>
  Nodes <?> 
    IntegerExpr <?> 'int' 235627 (10)
    IntegerExpr <?> 'int' 32 (10)
    IntegerExpr <?> 'int' 4930782690 (10)
    IntegerExpr <?> 'int' 10100101010101 (2)
    IntegerExpr <?> 'int' 0011101 (2)
    IntegerExpr <?> 'int' 755 (8)
    IntegerExpr <?> 'int' 644 (8)
    IntegerExpr <?> 'int' 777 (8)
    IntegerExpr <?> 'int' DeadBeef (16)
    IntegerExpr <?> 'int' ABCDEF (16)
    IntegerExpr <?> 'int' ff (16)
    IntegerExpr <?> 'int' 0b (16)
    IntegerExpr <?> 'int' 0A (16)
